// Jest Snapshot v1, https://goo.gl/fbAQLP

exports[`basic-html.hbs 1`] = `
<html lang="en">
<head>
    <meta charset="UTF-8">
    <meta name="viewport" content="width=device-width, initial-scale=1.0">
    <meta http-equiv="X-UA-Compatible" content="ie=edge">
    <title>Sample Document</title>
</head>
<body>
    <h1>Hello World</h1>
</body>
</html>
~~~~~~~~~~~~~~~~~~~~~~~~~~~~~~~~~~~~~~~~~~~~~~~~~~~~~~~~~~~~~~~~~~~~~~~~~~~~~~~~
<html lang="en">

  <head>

    <meta charset="UTF-8" />


    <meta name="viewport" content="width=device-width, initial-scale=1.0" />


    <meta http-equiv="X-UA-Compatible" content="ie=edge" />


    <title>
      Sample Document
    </title>

  </head>

  <body>

    <h1>
      Hello World
    </h1>

  </body>

</html>

`;

exports[`more-html.html 1`] = `
<a href="#">Anchor</a>

<div hidden class="foo" id=bar></div>
~~~~~~~~~~~~~~~~~~~~~~~~~~~~~~~~~~~~~~~~~~~~~~~~~~~~~~~~~~~~~~~~~~~~~~~~~~~~~~~~

<a href="#">Anchor</a>
<div hidden
  class="foo"
  id="bar" />

`;
